node.exe : FAIL src/tests/Navbar.test.tsx
At line:1 char:1
+ & "C:\nvm\nodejs/node.exe" "C:\nvm\nodejs/node_mo
dules/npm/bin/npx-cl ...
+ ~~~~~~~~~~~~~~~~~~~~~~~~~~~~~~~~~~~~~~~~~~~~~~~~~
~~~~~~~~~~~~~~~~~~~~
    + CategoryInfo          : NotSpecified: (FAIL  
   src/tests/Navbar.test.tsx:String) [], RemoteEx  
  ception
    + FullyQualifiedErrorId : NativeCommandError
 
  ΓùÅ Test suite failed to run

    Cannot find module '@testing-library/dom' from 
'node_modules/@testing-library/react/dist/pure.js'

    Require stack:
      node_modules/@testing-library/react/dist/pure
.js
      node_modules/@testing-library/react/dist/inde
x.js
      src/tests/Navbar.test.tsx

    [0m [90m 12 |[39m     it([32m'renders logo 
and sign in button'[39m[33m,[39m () [33m=>[39m
 {
     [90m 13 |[39m         render(
    [31m[1m>[22m[39m[90m 14 |[39m            
 [33m<[39m[33mSessionProvider[39m session[33m=
[39m{[36mnull[39m}[33m>[39m
     [90m    |[39m                [31m[1m^[22m
[39m
     [90m 15 |[39m                 [33m<[39m[3
3mNavbar[39m [33m/[39m[33m>[39m
     [90m 16 |[39m             [33m<[39m[33m/
[39m[33mSessionProvider[39m[33m>[39m
     [90m 17 |[39m         )[0m

      at Resolver._throwModNotFoundError (node_modu
les/jest-resolve/build/index.js:863:11)
      at Object.<anonymous> (node_modules/@testing-
library/react/dist/pure.js:46:12)
      at Object.<anonymous> (node_modules/@testing-
library/react/dist/index.js:7:13)
      at Object.<anonymous> (src/tests/Navbar.test.
tsx:14:16)

----------|---------|----------|---------|---------|-------------------
File      | % Stmts | % Branch | % Funcs | % Lines | Uncovered Line #s 
----------|---------|----------|---------|---------|-------------------
All files |       0 |        0 |       0 |       0 |                   
----------|---------|----------|---------|---------|-------------------
Test Suites: 1 failed, 1 total
Tests:       0 total
Snapshots:   0 total
Time:        1.272 s
Ran all test suites matching src/tests/Navbar.test.
tsx.
